Archive member included because of file (symbol)

d:/amit_course/masters/drive/sdk_win_64/winavr/bin/../lib/gcc/avr/4.3.3/avr5\libgcc.a(_mulsi3.o)
                              ./TMU/TMU_prog.o (__mulsi3)
d:/amit_course/masters/drive/sdk_win_64/winavr/bin/../lib/gcc/avr/4.3.3/avr5\libgcc.a(_udivmodqi4.o)
                              ./App/main.o (__udivmodqi4)
d:/amit_course/masters/drive/sdk_win_64/winavr/bin/../lib/gcc/avr/4.3.3/avr5\libgcc.a(_udivmodhi4.o)
                              ./App/main.o (__udivmodhi4)
d:/amit_course/masters/drive/sdk_win_64/winavr/bin/../lib/gcc/avr/4.3.3/avr5\libgcc.a(_divmodhi4.o)
                              ./TMU/TMU_prog.o (__divmodhi4)
d:/amit_course/masters/drive/sdk_win_64/winavr/bin/../lib/gcc/avr/4.3.3/avr5\libgcc.a(_udivmodsi4.o)
                              ./TMU/TMU_prog.o (__udivmodsi4)
d:/amit_course/masters/drive/sdk_win_64/winavr/bin/../lib/gcc/avr/4.3.3/avr5\libgcc.a(_exit.o)
                              d:/amit_course/masters/drive/sdk_win_64/winavr/bin/../lib/gcc/avr/4.3.3/../../../../avr/lib/avr5/crtm32.o (exit)
d:/amit_course/masters/drive/sdk_win_64/winavr/bin/../lib/gcc/avr/4.3.3/avr5\libgcc.a(_copy_data.o)
                              ./MCAL/TIMER/TIMER_config.o (__do_copy_data)
d:/amit_course/masters/drive/sdk_win_64/winavr/bin/../lib/gcc/avr/4.3.3/avr5\libgcc.a(_clear_bss.o)
                              ./TMU/TMU_prog.o (__do_clear_bss)
d:/amit_course/masters/drive/sdk_win_64/winavr/bin/../lib/gcc/avr/4.3.3/avr5\libgcc.a(_fixunssfsi.o)
                              ./MCAL/PWM/PWM_prog.o (__fixunssfsi)
d:/amit_course/masters/drive/sdk_win_64/winavr/bin/../lib/gcc/avr/4.3.3/avr5\libgcc.a(_addsub_sf.o)
                              ./MCAL/PWM/PWM_prog.o (__subsf3)
d:/amit_course/masters/drive/sdk_win_64/winavr/bin/../lib/gcc/avr/4.3.3/avr5\libgcc.a(_mul_sf.o)
                              ./MCAL/PWM/PWM_prog.o (__mulsf3)
d:/amit_course/masters/drive/sdk_win_64/winavr/bin/../lib/gcc/avr/4.3.3/avr5\libgcc.a(_div_sf.o)
                              ./MCAL/PWM/PWM_prog.o (__divsf3)
d:/amit_course/masters/drive/sdk_win_64/winavr/bin/../lib/gcc/avr/4.3.3/avr5\libgcc.a(_eq_sf.o)
                              ./MCAL/PWM/PWM_prog.o (__eqsf2)
d:/amit_course/masters/drive/sdk_win_64/winavr/bin/../lib/gcc/avr/4.3.3/avr5\libgcc.a(_ge_sf.o)
                              d:/amit_course/masters/drive/sdk_win_64/winavr/bin/../lib/gcc/avr/4.3.3/avr5\libgcc.a(_fixunssfsi.o) (__gesf2)
d:/amit_course/masters/drive/sdk_win_64/winavr/bin/../lib/gcc/avr/4.3.3/avr5\libgcc.a(_sf_to_si.o)
                              d:/amit_course/masters/drive/sdk_win_64/winavr/bin/../lib/gcc/avr/4.3.3/avr5\libgcc.a(_fixunssfsi.o) (__fixsfsi)
d:/amit_course/masters/drive/sdk_win_64/winavr/bin/../lib/gcc/avr/4.3.3/avr5\libgcc.a(_thenan_sf.o)
                              d:/amit_course/masters/drive/sdk_win_64/winavr/bin/../lib/gcc/avr/4.3.3/avr5\libgcc.a(_addsub_sf.o) (__thenan_sf)
d:/amit_course/masters/drive/sdk_win_64/winavr/bin/../lib/gcc/avr/4.3.3/avr5\libgcc.a(_usi_to_sf.o)
                              ./MCAL/PWM/PWM_prog.o (__floatunsisf)
d:/amit_course/masters/drive/sdk_win_64/winavr/bin/../lib/gcc/avr/4.3.3/avr5\libgcc.a(_prologue.o)
                              d:/amit_course/masters/drive/sdk_win_64/winavr/bin/../lib/gcc/avr/4.3.3/avr5\libgcc.a(_addsub_sf.o) (__prologue_saves__)
d:/amit_course/masters/drive/sdk_win_64/winavr/bin/../lib/gcc/avr/4.3.3/avr5\libgcc.a(_epilogue.o)
                              d:/amit_course/masters/drive/sdk_win_64/winavr/bin/../lib/gcc/avr/4.3.3/avr5\libgcc.a(_addsub_sf.o) (__epilogue_restores__)
d:/amit_course/masters/drive/sdk_win_64/winavr/bin/../lib/gcc/avr/4.3.3/avr5\libgcc.a(_clzsi2.o)
                              d:/amit_course/masters/drive/sdk_win_64/winavr/bin/../lib/gcc/avr/4.3.3/avr5\libgcc.a(_usi_to_sf.o) (__clzsi2)
d:/amit_course/masters/drive/sdk_win_64/winavr/bin/../lib/gcc/avr/4.3.3/avr5\libgcc.a(_pack_sf.o)
                              d:/amit_course/masters/drive/sdk_win_64/winavr/bin/../lib/gcc/avr/4.3.3/avr5\libgcc.a(_addsub_sf.o) (__pack_f)
d:/amit_course/masters/drive/sdk_win_64/winavr/bin/../lib/gcc/avr/4.3.3/avr5\libgcc.a(_unpack_sf.o)
                              d:/amit_course/masters/drive/sdk_win_64/winavr/bin/../lib/gcc/avr/4.3.3/avr5\libgcc.a(_addsub_sf.o) (__unpack_f)
d:/amit_course/masters/drive/sdk_win_64/winavr/bin/../lib/gcc/avr/4.3.3/avr5\libgcc.a(_fpcmp_parts_sf.o)
                              d:/amit_course/masters/drive/sdk_win_64/winavr/bin/../lib/gcc/avr/4.3.3/avr5\libgcc.a(_eq_sf.o) (__fpcmp_parts_f)
d:/amit_course/masters/drive/sdk_win_64/winavr/bin/../lib/gcc/avr/4.3.3/avr5\libgcc.a(_clz.o)
                              d:/amit_course/masters/drive/sdk_win_64/winavr/bin/../lib/gcc/avr/4.3.3/avr5\libgcc.a(_clzsi2.o) (__clz_tab)

Allocating common symbols
Common symbol       size              file

Global_u8TempSetValue
                    0x1               ./App/main.o

Memory Configuration

Name             Origin             Length             Attributes
text             0x00000000         0x00020000         xr
data             0x00800060         0x0000ffa0         rw !x
eeprom           0x00810000         0x00010000         rw !x
fuse             0x00820000         0x00000400         rw !x
lock             0x00830000         0x00000400         rw !x
signature        0x00840000         0x00000400         rw !x
*default*        0x00000000         0xffffffff

Linker script and memory map

LOAD d:/amit_course/masters/drive/sdk_win_64/winavr/bin/../lib/gcc/avr/4.3.3/../../../../avr/lib/avr5/crtm32.o
LOAD ./TMU/TMU_prog.o
LOAD ./MCAL/TIMER/TIMER_config.o
LOAD ./MCAL/TIMER/TIMER_prog.o
LOAD ./MCAL/PWM/PWM_config.o
LOAD ./MCAL/PWM/PWM_prog.o
LOAD ./MCAL/EXTI/EXTI_config.o
LOAD ./MCAL/EXTI/EXTI_prog.o
LOAD ./MCAL/EEPROM/EEPROM_prog.o
LOAD ./MCAL/DIO/DIO_prog.o
LOAD ./MCAL/ADC/ADC_porg.o
LOAD ./HAL/Switch/Switch_config.o
LOAD ./HAL/Switch/Switch_prog.o
LOAD ./HAL/SevSeg/SevSeg_config.o
LOAD ./HAL/SevSeg/SevSeg_prog.o
LOAD ./HAL/LD/LD_config.o
LOAD ./HAL/LD/LD_prog.o
LOAD ./App/main.o
LOAD d:/amit_course/masters/drive/sdk_win_64/winavr/bin/../lib/gcc/avr/4.3.3/avr5\libgcc.a
LOAD d:/amit_course/masters/drive/sdk_win_64/winavr/bin/../lib/gcc/avr/4.3.3/../../../../avr/lib/avr5\libc.a
LOAD d:/amit_course/masters/drive/sdk_win_64/winavr/bin/../lib/gcc/avr/4.3.3/avr5\libgcc.a

.hash
 *(.hash)

.dynsym
 *(.dynsym)

.dynstr
 *(.dynstr)

.gnu.version
 *(.gnu.version)

.gnu.version_d
 *(.gnu.version_d)

.gnu.version_r
 *(.gnu.version_r)

.rel.init
 *(.rel.init)

.rela.init
 *(.rela.init)

.rel.text
 *(.rel.text)
 *(.rel.text.*)
 *(.rel.gnu.linkonce.t*)

.rela.text
 *(.rela.text)
 *(.rela.text.*)
 *(.rela.gnu.linkonce.t*)

.rel.fini
 *(.rel.fini)

.rela.fini
 *(.rela.fini)

.rel.rodata
 *(.rel.rodata)
 *(.rel.rodata.*)
 *(.rel.gnu.linkonce.r*)

.rela.rodata
 *(.rela.rodata)
 *(.rela.rodata.*)
 *(.rela.gnu.linkonce.r*)

.rel.data
 *(.rel.data)
 *(.rel.data.*)
 *(.rel.gnu.linkonce.d*)

.rela.data
 *(.rela.data)
 *(.rela.data.*)
 *(.rela.gnu.linkonce.d*)

.rel.ctors
 *(.rel.ctors)

.rela.ctors
 *(.rela.ctors)

.rel.dtors
 *(.rel.dtors)

.rela.dtors
 *(.rela.dtors)

.rel.got
 *(.rel.got)

.rela.got
 *(.rela.got)

.rel.bss
 *(.rel.bss)

.rela.bss
 *(.rela.bss)

.rel.plt
 *(.rel.plt)

.rela.plt
 *(.rela.plt)

.text           0x00000000     0x62c4
 *(.vectors)
 .vectors       0x00000000       0x54 d:/amit_course/masters/drive/sdk_win_64/winavr/bin/../lib/gcc/avr/4.3.3/../../../../avr/lib/avr5/crtm32.o
                0x00000000                __vectors
                0x00000000                __vector_default
 *(.vectors)
 *(.progmem.gcc*)
 *(.progmem*)
                0x00000054                . = ALIGN (0x2)
                0x00000054                __trampolines_start = .
 *(.trampolines)
 .trampolines   0x00000054        0x0 linker stubs
 *(.trampolines*)
                0x00000054                __trampolines_end = .
 *(.jumptables)
 *(.jumptables*)
 *(.lowtext)
 *(.lowtext*)
                0x00000054                __ctors_start = .
 *(.ctors)
                0x00000054                __ctors_end = .
                0x00000054                __dtors_start = .
 *(.dtors)
                0x00000054                __dtors_end = .
 SORT(*)(.ctors)
 SORT(*)(.dtors)
 *(.init0)
 .init0         0x00000054        0x0 d:/amit_course/masters/drive/sdk_win_64/winavr/bin/../lib/gcc/avr/4.3.3/../../../../avr/lib/avr5/crtm32.o
                0x00000054                __init
 *(.init0)
 *(.init1)
 *(.init1)
 *(.init2)
 .init2         0x00000054        0xc d:/amit_course/masters/drive/sdk_win_64/winavr/bin/../lib/gcc/avr/4.3.3/../../../../avr/lib/avr5/crtm32.o
 *(.init2)
 *(.init3)
 *(.init3)
 *(.init4)
 .init4         0x00000060       0x16 d:/amit_course/masters/drive/sdk_win_64/winavr/bin/../lib/gcc/avr/4.3.3/avr5\libgcc.a(_copy_data.o)
                0x00000060                __do_copy_data
 .init4         0x00000076       0x10 d:/amit_course/masters/drive/sdk_win_64/winavr/bin/../lib/gcc/avr/4.3.3/avr5\libgcc.a(_clear_bss.o)
                0x00000076                __do_clear_bss
 *(.init4)
 *(.init5)
 *(.init5)
 *(.init6)
 *(.init6)
 *(.init7)
 *(.init7)
 *(.init8)
 *(.init8)
 *(.init9)
 .init9         0x00000086        0x8 d:/amit_course/masters/drive/sdk_win_64/winavr/bin/../lib/gcc/avr/4.3.3/../../../../avr/lib/avr5/crtm32.o
 *(.init9)
 *(.text)
 .text          0x0000008e        0x4 d:/amit_course/masters/drive/sdk_win_64/winavr/bin/../lib/gcc/avr/4.3.3/../../../../avr/lib/avr5/crtm32.o
                0x0000008e                __vector_12
                0x0000008e                __bad_interrupt
                0x0000008e                __vector_6
                0x0000008e                __vector_13
                0x0000008e                __vector_17
                0x0000008e                __vector_19
                0x0000008e                __vector_15
                0x0000008e                __vector_14
                0x0000008e                __vector_18
                0x0000008e                __vector_20
 .text          0x00000092        0x0 ./TMU/TMU_prog.o
 .text          0x00000092        0x0 ./MCAL/TIMER/TIMER_config.o
 .text          0x00000092        0x0 ./MCAL/TIMER/TIMER_prog.o
 .text          0x00000092        0x0 ./MCAL/PWM/PWM_config.o
 .text          0x00000092        0x0 ./MCAL/PWM/PWM_prog.o
 .text          0x00000092        0x0 ./MCAL/EXTI/EXTI_config.o
 .text          0x00000092        0x0 ./MCAL/EXTI/EXTI_prog.o
 .text          0x00000092        0x0 ./MCAL/EEPROM/EEPROM_prog.o
 .text          0x00000092        0x0 ./MCAL/DIO/DIO_prog.o
 .text          0x00000092        0x0 ./MCAL/ADC/ADC_porg.o
 .text          0x00000092        0x0 ./HAL/Switch/Switch_config.o
 .text          0x00000092        0x0 ./HAL/Switch/Switch_prog.o
 .text          0x00000092        0x0 ./HAL/SevSeg/SevSeg_config.o
 .text          0x00000092        0x0 ./HAL/SevSeg/SevSeg_prog.o
 .text          0x00000092        0x0 ./HAL/LD/LD_config.o
 .text          0x00000092        0x0 ./HAL/LD/LD_prog.o
 .text          0x00000092        0x0 ./App/main.o
 .text          0x00000092        0x0 d:/amit_course/masters/drive/sdk_win_64/winavr/bin/../lib/gcc/avr/4.3.3/avr5\libgcc.a(_mulsi3.o)
 .text          0x00000092        0x0 d:/amit_course/masters/drive/sdk_win_64/winavr/bin/../lib/gcc/avr/4.3.3/avr5\libgcc.a(_udivmodqi4.o)
 .text          0x00000092        0x0 d:/amit_course/masters/drive/sdk_win_64/winavr/bin/../lib/gcc/avr/4.3.3/avr5\libgcc.a(_udivmodhi4.o)
 .text          0x00000092        0x0 d:/amit_course/masters/drive/sdk_win_64/winavr/bin/../lib/gcc/avr/4.3.3/avr5\libgcc.a(_divmodhi4.o)
 .text          0x00000092        0x0 d:/amit_course/masters/drive/sdk_win_64/winavr/bin/../lib/gcc/avr/4.3.3/avr5\libgcc.a(_udivmodsi4.o)
 .text          0x00000092        0x0 d:/amit_course/masters/drive/sdk_win_64/winavr/bin/../lib/gcc/avr/4.3.3/avr5\libgcc.a(_exit.o)
 .text          0x00000092        0x0 d:/amit_course/masters/drive/sdk_win_64/winavr/bin/../lib/gcc/avr/4.3.3/avr5\libgcc.a(_copy_data.o)
 .text          0x00000092        0x0 d:/amit_course/masters/drive/sdk_win_64/winavr/bin/../lib/gcc/avr/4.3.3/avr5\libgcc.a(_clear_bss.o)
 .text          0x00000092       0x58 d:/amit_course/masters/drive/sdk_win_64/winavr/bin/../lib/gcc/avr/4.3.3/avr5\libgcc.a(_fixunssfsi.o)
                0x00000092                __fixunssfsi
 .text          0x000000ea      0x354 d:/amit_course/masters/drive/sdk_win_64/winavr/bin/../lib/gcc/avr/4.3.3/avr5\libgcc.a(_addsub_sf.o)
                0x00000382                __subsf3
                0x000003e4                __addsf3
 .text          0x0000043e      0x1f4 d:/amit_course/masters/drive/sdk_win_64/winavr/bin/../lib/gcc/avr/4.3.3/avr5\libgcc.a(_mul_sf.o)
                0x0000043e                __mulsf3
 .text          0x00000632      0x158 d:/amit_course/masters/drive/sdk_win_64/winavr/bin/../lib/gcc/avr/4.3.3/avr5\libgcc.a(_div_sf.o)
                0x00000632                __divsf3
 .text          0x0000078a       0x60 d:/amit_course/masters/drive/sdk_win_64/winavr/bin/../lib/gcc/avr/4.3.3/avr5\libgcc.a(_eq_sf.o)
                0x0000078a                __eqsf2
 .text          0x000007ea       0x60 d:/amit_course/masters/drive/sdk_win_64/winavr/bin/../lib/gcc/avr/4.3.3/avr5\libgcc.a(_ge_sf.o)
                0x000007ea                __gesf2
 .text          0x0000084a       0xa8 d:/amit_course/masters/drive/sdk_win_64/winavr/bin/../lib/gcc/avr/4.3.3/avr5\libgcc.a(_sf_to_si.o)
                0x0000084a                __fixsfsi
 .text          0x000008f2        0x0 d:/amit_course/masters/drive/sdk_win_64/winavr/bin/../lib/gcc/avr/4.3.3/avr5\libgcc.a(_thenan_sf.o)
 .text          0x000008f2       0xf2 d:/amit_course/masters/drive/sdk_win_64/winavr/bin/../lib/gcc/avr/4.3.3/avr5\libgcc.a(_usi_to_sf.o)
                0x000008f2                __floatunsisf
 .text          0x000009e4        0x0 d:/amit_course/masters/drive/sdk_win_64/winavr/bin/../lib/gcc/avr/4.3.3/avr5\libgcc.a(_prologue.o)
 .text          0x000009e4        0x0 d:/amit_course/masters/drive/sdk_win_64/winavr/bin/../lib/gcc/avr/4.3.3/avr5\libgcc.a(_epilogue.o)
 .text          0x000009e4       0x9e d:/amit_course/masters/drive/sdk_win_64/winavr/bin/../lib/gcc/avr/4.3.3/avr5\libgcc.a(_clzsi2.o)
                0x000009e4                __clzsi2
 .text          0x00000a82      0x1aa d:/amit_course/masters/drive/sdk_win_64/winavr/bin/../lib/gcc/avr/4.3.3/avr5\libgcc.a(_pack_sf.o)
                0x00000a82                __pack_f
 .text          0x00000c2c       0xf0 d:/amit_course/masters/drive/sdk_win_64/winavr/bin/../lib/gcc/avr/4.3.3/avr5\libgcc.a(_unpack_sf.o)
                0x00000c2c                __unpack_f
 .text          0x00000d1c       0xb2 d:/amit_course/masters/drive/sdk_win_64/winavr/bin/../lib/gcc/avr/4.3.3/avr5\libgcc.a(_fpcmp_parts_sf.o)
                0x00000d1c                __fpcmp_parts_f
 .text          0x00000dce        0x0 d:/amit_course/masters/drive/sdk_win_64/winavr/bin/../lib/gcc/avr/4.3.3/avr5\libgcc.a(_clz.o)
                0x00000dce                . = ALIGN (0x2)
 *(.text.*)
 .text.TMU_vidInit
                0x00000dce      0x134 ./TMU/TMU_prog.o
                0x00000dce                TMU_vidInit
 .text.TMU_vidCreateTask
                0x00000f02       0xf2 ./TMU/TMU_prog.o
                0x00000f02                TMU_vidCreateTask
 .text.TMU_vidStartScheduler
                0x00000ff4      0x16c ./TMU/TMU_prog.o
                0x00000ff4                TMU_vidStartScheduler
 .text.TMU_vidDeleteTask
                0x00001160       0x30 ./TMU/TMU_prog.o
                0x00001160                TMU_vidDeleteTask
 .text.TMU_vidPauseTask
                0x00001190       0x30 ./TMU/TMU_prog.o
                0x00001190                TMU_vidPauseTask
 .text.TMU_vidResumeTask
                0x000011c0       0x30 ./TMU/TMU_prog.o
                0x000011c0                TMU_vidResumeTask
 .text.TMU_vid_OCIE0_ISR
                0x000011f0       0x4e ./TMU/TMU_prog.o
                0x000011f0                TMU_vid_OCIE0_ISR
 .text.TMU_vid_TOIE0_ISR
                0x0000123e       0x58 ./TMU/TMU_prog.o
                0x0000123e                TMU_vid_TOIE0_ISR
 .text.Timer_enuInit
                0x00001296      0x32e ./MCAL/TIMER/TIMER_prog.o
                0x00001296                Timer_enuInit
 .text.Timer_u32TimerClock
                0x000015c4      0x282 ./MCAL/TIMER/TIMER_prog.o
 .text.Timer_enuSetClkPrescaler
                0x00001846      0x10a ./MCAL/TIMER/TIMER_prog.o
                0x00001846                Timer_enuSetClkPrescaler
 .text.Timer_enuSetOCn_Mode
                0x00001950       0xda ./MCAL/TIMER/TIMER_prog.o
                0x00001950                Timer_enuSetOCn_Mode
 .text.Timer_enuSetTimer_Mode
                0x00001a2a      0x14c ./MCAL/TIMER/TIMER_prog.o
                0x00001a2a                Timer_enuSetTimer_Mode
 .text.Timer_enuReset
                0x00001b76       0x62 ./MCAL/TIMER/TIMER_prog.o
                0x00001b76                Timer_enuReset
 .text.Timer_enuPreLoad
                0x00001bd8       0x56 ./MCAL/TIMER/TIMER_prog.o
                0x00001bd8                Timer_enuPreLoad
 .text.Timer_enuReadCounterValue
                0x00001c2e       0x72 ./MCAL/TIMER/TIMER_prog.o
                0x00001c2e                Timer_enuReadCounterValue
 .text.Timer_enuSetOCRnValue
                0x00001ca0       0x7e ./MCAL/TIMER/TIMER_prog.o
                0x00001ca0                Timer_enuSetOCRnValue
 .text.Timer_enuReadOCRnValue
                0x00001d1e       0x60 ./MCAL/TIMER/TIMER_prog.o
                0x00001d1e                Timer_enuReadOCRnValue
 .text.Timer_enuInterruptEnable
                0x00001d7e       0xbc ./MCAL/TIMER/TIMER_prog.o
                0x00001d7e                Timer_enuInterruptEnable
 .text.Timer_enuInterruptDisable
                0x00001e3a       0xcc ./MCAL/TIMER/TIMER_prog.o
                0x00001e3a                Timer_enuInterruptDisable
 .text.Timer_enuCallBack
                0x00001f06       0x86 ./MCAL/TIMER/TIMER_prog.o
                0x00001f06                Timer_enuCallBack
 .text.__vector_4
                0x00001f8c       0x66 ./MCAL/TIMER/TIMER_prog.o
                0x00001f8c                __vector_4
 .text.__vector_5
                0x00001ff2       0x66 ./MCAL/TIMER/TIMER_prog.o
                0x00001ff2                __vector_5
 .text.__vector_10
                0x00002058       0x66 ./MCAL/TIMER/TIMER_prog.o
                0x00002058                __vector_10
 .text.__vector_11
                0x000020be       0x66 ./MCAL/TIMER/TIMER_prog.o
                0x000020be                __vector_11
 .text.PWM_enuInit
                0x00002124      0x3c2 ./MCAL/PWM/PWM_prog.o
                0x00002124                PWM_enuInit
 .text.PWM_u32TimerClock
                0x000024e6      0x1c0 ./MCAL/PWM/PWM_prog.o
 .text.PWM_enuSetClkPrescaler
                0x000026a6       0xc4 ./MCAL/PWM/PWM_prog.o
                0x000026a6                PWM_enuSetClkPrescaler
 .text.PWM_enuSetCOM_Mode
                0x0000276a       0xf4 ./MCAL/PWM/PWM_prog.o
                0x0000276a                PWM_enuSetCOM_Mode
 .text.PWM_enuSetWGM_Mode
                0x0000285e      0x118 ./MCAL/PWM/PWM_prog.o
                0x0000285e                PWM_enuSetWGM_Mode
 .text.PWM_enuSetOCRnValue
                0x00002976       0xe0 ./MCAL/PWM/PWM_prog.o
                0x00002976                PWM_enuSetOCRnValue
 .text.PWM_enuSetICR1Value
                0x00002a56       0x52 ./MCAL/PWM/PWM_prog.o
                0x00002a56                PWM_enuSetICR1Value
 .text.PWM_enuSetInterruptMode
                0x00002aa8      0x13a ./MCAL/PWM/PWM_prog.o
                0x00002aa8                PWM_enuSetInterruptMode
 .text.PWM_enuGetInterruptMode
                0x00002be2       0xa2 ./MCAL/PWM/PWM_prog.o
                0x00002be2                PWM_enuGetInterruptMode
 .text.PWM_enuSetDutyCycle
                0x00002c84      0xf2c ./MCAL/PWM/PWM_prog.o
                0x00002c84                PWM_enuSetDutyCycle
 .text.PWM_enuInterruptEnable
                0x00003bb0       0x94 ./MCAL/PWM/PWM_prog.o
                0x00003bb0                PWM_enuInterruptEnable
 .text.PWM_enuInterruptDisable
                0x00003c44       0x94 ./MCAL/PWM/PWM_prog.o
                0x00003c44                PWM_enuInterruptDisable
 .text.PWM_enuCallBack
                0x00003cd8       0x98 ./MCAL/PWM/PWM_prog.o
                0x00003cd8                PWM_enuCallBack
 .text.__vector_7
                0x00003d70       0x66 ./MCAL/PWM/PWM_prog.o
                0x00003d70                __vector_7
 .text.__vector_8
                0x00003dd6       0x66 ./MCAL/PWM/PWM_prog.o
                0x00003dd6                __vector_8
 .text.__vector_9
                0x00003e3c       0x66 ./MCAL/PWM/PWM_prog.o
                0x00003e3c                __vector_9
 .text.EXTI_enuInit
                0x00003ea2      0x36a ./MCAL/EXTI/EXTI_prog.o
                0x00003ea2                EXTI_enuInit
 .text.EXTI_enuEnableInterrupt
                0x0000420c       0x6a ./MCAL/EXTI/EXTI_prog.o
                0x0000420c                EXTI_enuEnableInterrupt
 .text.EXTI_enuDisableInterrupt
                0x00004276       0x6a ./MCAL/EXTI/EXTI_prog.o
                0x00004276                EXTI_enuDisableInterrupt
 .text.EXTI_enuSetSenseLevel
                0x000042e0      0x1a4 ./MCAL/EXTI/EXTI_prog.o
                0x000042e0                EXTI_enuSetSenseLevel
 .text.__vector_1
                0x00004484       0x66 ./MCAL/EXTI/EXTI_prog.o
                0x00004484                __vector_1
 .text.__vector_2
                0x000044ea       0x66 ./MCAL/EXTI/EXTI_prog.o
                0x000044ea                __vector_2
 .text.__vector_3
                0x00004550       0x66 ./MCAL/EXTI/EXTI_prog.o
                0x00004550                __vector_3
 .text.EXTI_enuCallBack
                0x000045b6       0x54 ./MCAL/EXTI/EXTI_prog.o
                0x000045b6                EXTI_enuCallBack
 .text.EEPROM_enuWriteByte
                0x0000460a       0x7c ./MCAL/EEPROM/EEPROM_prog.o
                0x0000460a                EEPROM_enuWriteByte
 .text.EEPROM_enuReadByte
                0x00004686       0x74 ./MCAL/EEPROM/EEPROM_prog.o
                0x00004686                EEPROM_enuReadByte
 .text.DIO_enuInit
                0x000046fa       0x10 ./MCAL/DIO/DIO_prog.o
                0x000046fa                DIO_enuInit
 .text.DIO_enuSetPinDirection
                0x0000470a      0x19e ./MCAL/DIO/DIO_prog.o
                0x0000470a                DIO_enuSetPinDirection
 .text.DIO_enuSetPinValue
                0x000048a8      0x1a4 ./MCAL/DIO/DIO_prog.o
                0x000048a8                DIO_enuSetPinValue
 .text.DIO_enuTogglePinValue
                0x00004a4c      0x11e ./MCAL/DIO/DIO_prog.o
                0x00004a4c                DIO_enuTogglePinValue
 .text.DIO_enuGetPinValue
                0x00004b6a      0x13c ./MCAL/DIO/DIO_prog.o
                0x00004b6a                DIO_enuGetPinValue
 .text.ADC_enuInit
                0x00004ca6       0xc6 ./MCAL/ADC/ADC_porg.o
                0x00004ca6                ADC_enuInit
 .text.ADC_enuSetPreScalar
                0x00004d6c       0x52 ./MCAL/ADC/ADC_porg.o
                0x00004d6c                ADC_enuSetPreScalar
 .text.ADC_enuSetRefVolt
                0x00004dbe       0x6a ./MCAL/ADC/ADC_porg.o
                0x00004dbe                ADC_enuSetRefVolt
 .text.ADC_enuSelectChannel
                0x00004e28       0x52 ./MCAL/ADC/ADC_porg.o
                0x00004e28                ADC_enuSelectChannel
 .text.ADC_enuStartConversion
                0x00004e7a       0x1e ./MCAL/ADC/ADC_porg.o
                0x00004e7a                ADC_enuStartConversion
 .text.ADC_enuEnableAutoTrigger
                0x00004e98       0x6e ./MCAL/ADC/ADC_porg.o
                0x00004e98                ADC_enuEnableAutoTrigger
 .text.ADC_enuDisableAutoTrigger
                0x00004f06       0x1e ./MCAL/ADC/ADC_porg.o
                0x00004f06                ADC_enuDisableAutoTrigger
 .text.ADC_enuRead
                0x00004f24       0x66 ./MCAL/ADC/ADC_porg.o
                0x00004f24                ADC_enuRead
 .text.ADC_enuReadHigh
                0x00004f8a       0x6e ./MCAL/ADC/ADC_porg.o
                0x00004f8a                ADC_enuReadHigh
 .text.ADC_enuPollingRead
                0x00004ff8       0x8a ./MCAL/ADC/ADC_porg.o
                0x00004ff8                ADC_enuPollingRead
 .text.ADC_enuPollingReadHigh
                0x00005082       0x9a ./MCAL/ADC/ADC_porg.o
                0x00005082                ADC_enuPollingReadHigh
 .text.ADC_enuCallBack
                0x0000511c       0x3e ./MCAL/ADC/ADC_porg.o
                0x0000511c                ADC_enuCallBack
 .text.ADC_enuEnable
                0x0000515a       0x1e ./MCAL/ADC/ADC_porg.o
                0x0000515a                ADC_enuEnable
 .text.ADC_enuDisable
                0x00005178       0x1e ./MCAL/ADC/ADC_porg.o
                0x00005178                ADC_enuDisable
 .text.ADC_enuEnableInterrupt
                0x00005196       0x1e ./MCAL/ADC/ADC_porg.o
                0x00005196                ADC_enuEnableInterrupt
 .text.ADC_enuDisableInterrupt
                0x000051b4       0x1e ./MCAL/ADC/ADC_porg.o
                0x000051b4                ADC_enuDisableInterrupt
 .text.__vector_16
                0x000051d2       0x66 ./MCAL/ADC/ADC_porg.o
                0x000051d2                __vector_16
 .text.Switch_enuInit
                0x00005238       0xde ./HAL/Switch/Switch_prog.o
                0x00005238                Switch_enuInit
 .text.Switch_enuGetPressed
                0x00005316       0x7c ./HAL/Switch/Switch_prog.o
                0x00005316                Switch_enuGetPressed
 .text.SevSeg_enuInit
                0x00005392      0x11a ./HAL/SevSeg/SevSeg_prog.o
                0x00005392                SevSeg_enuInit
 .text.SevSeg_enuSetDigitValue
                0x000054ac       0x3a ./HAL/SevSeg/SevSeg_prog.o
                0x000054ac                SevSeg_enuSetDigitValue
 .text.SevSeg_enuSetDIPValue
                0x000054e6       0x40 ./HAL/SevSeg/SevSeg_prog.o
                0x000054e6                SevSeg_enuSetDIPValue
 .text.SevSeg_enuFrameDelay
                0x00005526       0x4a ./HAL/SevSeg/SevSeg_prog.o
                0x00005526                SevSeg_enuFrameDelay
 .text.SevSeg_enuModuleEnable
                0x00005570       0x6e ./HAL/SevSeg/SevSeg_prog.o
                0x00005570                SevSeg_enuModuleEnable
 .text.SevSeg_enuModuleDisable
                0x000055de       0x6e ./HAL/SevSeg/SevSeg_prog.o
                0x000055de                SevSeg_enuModuleDisable
 .text.LD_enuInit
                0x0000564c       0xae ./HAL/LD/LD_prog.o
                0x0000564c                LD_enuInit
 .text.LD_enuSetState
                0x000056fa       0x74 ./HAL/LD/LD_prog.o
                0x000056fa                LD_enuSetState
 .text.Coolent_enuInit
                0x0000576e       0x7a ./App/main.o
                0x0000576e                Coolent_enuInit
 .text.Coolent_enuEnable
                0x000057e8       0x12 ./App/main.o
                0x000057e8                Coolent_enuEnable
 .text.Coolent_enuDisable
                0x000057fa       0x12 ./App/main.o
                0x000057fa                Coolent_enuDisable
 .text.Heater_enuInit
                0x0000580c       0x68 ./App/main.o
                0x0000580c                Heater_enuInit
 .text.Heater_enuEnable
                0x00005874       0x12 ./App/main.o
                0x00005874                Heater_enuEnable
 .text.Heater_enuDisable
                0x00005886       0x12 ./App/main.o
                0x00005886                Heater_enuDisable
 .text.LM35_enuInit
                0x00005898       0x7a ./App/main.o
                0x00005898                LM35_enuInit
 .text.LM35_enuReadTemp
                0x00005912       0x88 ./App/main.o
                0x00005912                LM35_enuReadTemp
 .text.ADC_vidISR
                0x0000599a       0x14 ./App/main.o
                0x0000599a                ADC_vidISR
 .text.main     0x000059ae      0x134 ./App/main.o
                0x000059ae                main
 .text.DisplayTemperature
                0x00005ae2      0x102 ./App/main.o
                0x00005ae2                DisplayTemperature
 .text.CheckTemperatureStatus
                0x00005be4      0x110 ./App/main.o
                0x00005be4                CheckTemperatureStatus
 .text.CheckIncrementSwitch
                0x00005cf4      0x102 ./App/main.o
                0x00005cf4                CheckIncrementSwitch
 .text.CheckDecrementSwitch
                0x00005df6      0x102 ./App/main.o
                0x00005df6                CheckDecrementSwitch
 .text.CheckPowerSwitch
                0x00005ef8       0xc2 ./App/main.o
                0x00005ef8                CheckPowerSwitch
 .text.AdjustRedLampStatus
                0x00005fba       0x88 ./App/main.o
                0x00005fba                AdjustRedLampStatus
 .text.AdjustHeaterStatus
                0x00006042       0x44 ./App/main.o
                0x00006042                AdjustHeaterStatus
 .text.AdjustCoolentStatus
                0x00006086       0x44 ./App/main.o
                0x00006086                AdjustCoolentStatus
 .text.EEPROM_Access
                0x000060ca       0xa0 ./App/main.o
                0x000060ca                EEPROM_Access
 .text.libgcc   0x0000616a       0x3e d:/amit_course/masters/drive/sdk_win_64/winavr/bin/../lib/gcc/avr/4.3.3/avr5\libgcc.a(_mulsi3.o)
                0x0000616a                __mulsi3
 .text.libgcc   0x000061a8       0x18 d:/amit_course/masters/drive/sdk_win_64/winavr/bin/../lib/gcc/avr/4.3.3/avr5\libgcc.a(_udivmodqi4.o)
                0x000061a8                __udivmodqi4
 .text.libgcc   0x000061c0       0x28 d:/amit_course/masters/drive/sdk_win_64/winavr/bin/../lib/gcc/avr/4.3.3/avr5\libgcc.a(_udivmodhi4.o)
                0x000061c0                __udivmodhi4
 .text.libgcc   0x000061e8       0x26 d:/amit_course/masters/drive/sdk_win_64/winavr/bin/../lib/gcc/avr/4.3.3/avr5\libgcc.a(_divmodhi4.o)
                0x000061e8                __divmodhi4
                0x000061e8                _div
 .text.libgcc   0x0000620e       0x44 d:/amit_course/masters/drive/sdk_win_64/winavr/bin/../lib/gcc/avr/4.3.3/avr5\libgcc.a(_udivmodsi4.o)
                0x0000620e                __udivmodsi4
 .text.libgcc   0x00006252        0x0 d:/amit_course/masters/drive/sdk_win_64/winavr/bin/../lib/gcc/avr/4.3.3/avr5\libgcc.a(_exit.o)
 .text.libgcc   0x00006252        0x0 d:/amit_course/masters/drive/sdk_win_64/winavr/bin/../lib/gcc/avr/4.3.3/avr5\libgcc.a(_copy_data.o)
 .text.libgcc   0x00006252        0x0 d:/amit_course/masters/drive/sdk_win_64/winavr/bin/../lib/gcc/avr/4.3.3/avr5\libgcc.a(_clear_bss.o)
 .text.libgcc   0x00006252       0x38 d:/amit_course/masters/drive/sdk_win_64/winavr/bin/../lib/gcc/avr/4.3.3/avr5\libgcc.a(_prologue.o)
                0x00006252                __prologue_saves__
 .text.libgcc   0x0000628a       0x36 d:/amit_course/masters/drive/sdk_win_64/winavr/bin/../lib/gcc/avr/4.3.3/avr5\libgcc.a(_epilogue.o)
                0x0000628a                __epilogue_restores__
                0x000062c0                . = ALIGN (0x2)
 *(.fini9)
 .fini9         0x000062c0        0x0 d:/amit_course/masters/drive/sdk_win_64/winavr/bin/../lib/gcc/avr/4.3.3/avr5\libgcc.a(_exit.o)
                0x000062c0                exit
                0x000062c0                _exit
 *(.fini9)
 *(.fini8)
 *(.fini8)
 *(.fini7)
 *(.fini7)
 *(.fini6)
 *(.fini6)
 *(.fini5)
 *(.fini5)
 *(.fini4)
 *(.fini4)
 *(.fini3)
 *(.fini3)
 *(.fini2)
 *(.fini2)
 *(.fini1)
 *(.fini1)
 *(.fini0)
 .fini0         0x000062c0        0x4 d:/amit_course/masters/drive/sdk_win_64/winavr/bin/../lib/gcc/avr/4.3.3/avr5\libgcc.a(_exit.o)
 *(.fini0)
                0x000062c4                _etext = .

.data           0x00800060      0x174 load address 0x000062c4
                0x00800060                PROVIDE (__data_start, .)
 *(.data)
 .data          0x00800060        0x0 d:/amit_course/masters/drive/sdk_win_64/winavr/bin/../lib/gcc/avr/4.3.3/../../../../avr/lib/avr5/crtm32.o
 .data          0x00800060        0x0 ./TMU/TMU_prog.o
 .data          0x00800060        0x0 ./MCAL/TIMER/TIMER_config.o
 .data          0x00800060        0x0 ./MCAL/TIMER/TIMER_prog.o
 .data          0x00800060        0x0 ./MCAL/PWM/PWM_config.o
 .data          0x00800060        0x0 ./MCAL/PWM/PWM_prog.o
 .data          0x00800060        0x0 ./MCAL/EXTI/EXTI_config.o
 .data          0x00800060        0x0 ./MCAL/EXTI/EXTI_prog.o
 .data          0x00800060        0x0 ./MCAL/EEPROM/EEPROM_prog.o
 .data          0x00800060        0x0 ./MCAL/DIO/DIO_prog.o
 .data          0x00800060        0x0 ./MCAL/ADC/ADC_porg.o
 .data          0x00800060        0x0 ./HAL/Switch/Switch_config.o
 .data          0x00800060        0x0 ./HAL/Switch/Switch_prog.o
 .data          0x00800060        0x0 ./HAL/SevSeg/SevSeg_config.o
 .data          0x00800060        0x0 ./HAL/SevSeg/SevSeg_prog.o
 .data          0x00800060        0x0 ./HAL/LD/LD_config.o
 .data          0x00800060        0x0 ./HAL/LD/LD_prog.o
 .data          0x00800060        0x0 ./App/main.o
 .data          0x00800060        0x0 d:/amit_course/masters/drive/sdk_win_64/winavr/bin/../lib/gcc/avr/4.3.3/avr5\libgcc.a(_mulsi3.o)
 .data          0x00800060        0x0 d:/amit_course/masters/drive/sdk_win_64/winavr/bin/../lib/gcc/avr/4.3.3/avr5\libgcc.a(_udivmodqi4.o)
 .data          0x00800060        0x0 d:/amit_course/masters/drive/sdk_win_64/winavr/bin/../lib/gcc/avr/4.3.3/avr5\libgcc.a(_udivmodhi4.o)
 .data          0x00800060        0x0 d:/amit_course/masters/drive/sdk_win_64/winavr/bin/../lib/gcc/avr/4.3.3/avr5\libgcc.a(_divmodhi4.o)
 .data          0x00800060        0x0 d:/amit_course/masters/drive/sdk_win_64/winavr/bin/../lib/gcc/avr/4.3.3/avr5\libgcc.a(_udivmodsi4.o)
 .data          0x00800060        0x0 d:/amit_course/masters/drive/sdk_win_64/winavr/bin/../lib/gcc/avr/4.3.3/avr5\libgcc.a(_exit.o)
 .data          0x00800060        0x0 d:/amit_course/masters/drive/sdk_win_64/winavr/bin/../lib/gcc/avr/4.3.3/avr5\libgcc.a(_copy_data.o)
 .data          0x00800060        0x0 d:/amit_course/masters/drive/sdk_win_64/winavr/bin/../lib/gcc/avr/4.3.3/avr5\libgcc.a(_clear_bss.o)
 .data          0x00800060        0x0 d:/amit_course/masters/drive/sdk_win_64/winavr/bin/../lib/gcc/avr/4.3.3/avr5\libgcc.a(_fixunssfsi.o)
 .data          0x00800060        0x0 d:/amit_course/masters/drive/sdk_win_64/winavr/bin/../lib/gcc/avr/4.3.3/avr5\libgcc.a(_addsub_sf.o)
 .data          0x00800060        0x0 d:/amit_course/masters/drive/sdk_win_64/winavr/bin/../lib/gcc/avr/4.3.3/avr5\libgcc.a(_mul_sf.o)
 .data          0x00800060        0x0 d:/amit_course/masters/drive/sdk_win_64/winavr/bin/../lib/gcc/avr/4.3.3/avr5\libgcc.a(_div_sf.o)
 .data          0x00800060        0x0 d:/amit_course/masters/drive/sdk_win_64/winavr/bin/../lib/gcc/avr/4.3.3/avr5\libgcc.a(_eq_sf.o)
 .data          0x00800060        0x0 d:/amit_course/masters/drive/sdk_win_64/winavr/bin/../lib/gcc/avr/4.3.3/avr5\libgcc.a(_ge_sf.o)
 .data          0x00800060        0x0 d:/amit_course/masters/drive/sdk_win_64/winavr/bin/../lib/gcc/avr/4.3.3/avr5\libgcc.a(_sf_to_si.o)
 .data          0x00800060        0x8 d:/amit_course/masters/drive/sdk_win_64/winavr/bin/../lib/gcc/avr/4.3.3/avr5\libgcc.a(_thenan_sf.o)
                0x00800060                __thenan_sf
 .data          0x00800068        0x0 d:/amit_course/masters/drive/sdk_win_64/winavr/bin/../lib/gcc/avr/4.3.3/avr5\libgcc.a(_usi_to_sf.o)
 .data          0x00800068        0x0 d:/amit_course/masters/drive/sdk_win_64/winavr/bin/../lib/gcc/avr/4.3.3/avr5\libgcc.a(_prologue.o)
 .data          0x00800068        0x0 d:/amit_course/masters/drive/sdk_win_64/winavr/bin/../lib/gcc/avr/4.3.3/avr5\libgcc.a(_epilogue.o)
 .data          0x00800068        0x0 d:/amit_course/masters/drive/sdk_win_64/winavr/bin/../lib/gcc/avr/4.3.3/avr5\libgcc.a(_clzsi2.o)
 .data          0x00800068        0x0 d:/amit_course/masters/drive/sdk_win_64/winavr/bin/../lib/gcc/avr/4.3.3/avr5\libgcc.a(_pack_sf.o)
 .data          0x00800068        0x0 d:/amit_course/masters/drive/sdk_win_64/winavr/bin/../lib/gcc/avr/4.3.3/avr5\libgcc.a(_unpack_sf.o)
 .data          0x00800068        0x0 d:/amit_course/masters/drive/sdk_win_64/winavr/bin/../lib/gcc/avr/4.3.3/avr5\libgcc.a(_fpcmp_parts_sf.o)
 .data          0x00800068      0x100 d:/amit_course/masters/drive/sdk_win_64/winavr/bin/../lib/gcc/avr/4.3.3/avr5\libgcc.a(_clz.o)
                0x00800068                __clz_tab
 *(.data*)
 .data.Timers_u8MaxNum
                0x00800168        0x1 ./MCAL/TIMER/TIMER_config.o
                0x00800168                Timers_u8MaxNum
 .data.Timer0Max
                0x00800169        0x1 ./MCAL/TIMER/TIMER_config.o
                0x00800169                Timer0Max
 .data.Timer2Max
                0x0080016a        0x1 ./MCAL/TIMER/TIMER_config.o
                0x0080016a                Timer2Max
 .data.Timers   0x0080016b        0xa ./MCAL/TIMER/TIMER_config.o
                0x0080016b                Timers
 .data.Global_AstrTimerPointers
                0x00800175        0xc ./MCAL/TIMER/TIMER_prog.o
                0x00800175                Global_AstrTimerPointers
 .data.PWM_u8MaxNum
                0x00800181        0x1 ./MCAL/PWM/PWM_config.o
                0x00800181                PWM_u8MaxNum
 .data.Timer1Max
                0x00800182        0x2 ./MCAL/PWM/PWM_config.o
                0x00800182                Timer1Max
 .data.PWMs     0x00800184        0xa ./MCAL/PWM/PWM_config.o
                0x00800184                PWMs
 .data.Global_AstrPWM_Pointers
                0x0080018e        0x9 ./MCAL/PWM/PWM_prog.o
                0x0080018e                Global_AstrPWM_Pointers
 .data.EXTI_u8EXTI_Num
                0x00800197        0x1 ./MCAL/EXTI/EXTI_config.o
                0x00800197                EXTI_u8EXTI_Num
 .data.EXTI_AstrEXTI_Config
                0x00800198        0x9 ./MCAL/EXTI/EXTI_config.o
                0x00800198                EXTI_AstrEXTI_Config
 .data.Switch_u8SwitchesMaxNum
                0x008001a1        0x1 ./HAL/Switch/Switch_config.o
                0x008001a1                Switch_u8SwitchesMaxNum
 .data.Switch   0x008001a2        0x9 ./HAL/Switch/Switch_config.o
                0x008001a2                Switch
 .data.ModuleValuePins
                0x008001ab        0x1 ./HAL/SevSeg/SevSeg_config.o
                0x008001ab                ModuleValuePins
 .data.SSegModule
                0x008001ac        0xe ./HAL/SevSeg/SevSeg_config.o
                0x008001ac                SSegModule
 .data.LD_u8LD_MaxNum
                0x008001ba        0x1 ./HAL/LD/LD_config.o
                0x008001ba                LD_u8LD_MaxNum
 .data.LD       0x008001bb        0x2 ./HAL/LD/LD_config.o
                0x008001bb                LD
 .data.PowerStatus
                0x008001bd        0x1 ./App/main.o
                0x008001bd                PowerStatus
 .data.HeaterStatus
                0x008001be        0x1 ./App/main.o
                0x008001be                HeaterStatus
 .data.CoolentStatus
                0x008001bf        0x1 ./App/main.o
                0x008001bf                CoolentStatus
 .data.Global_u8DisplayMode
                0x008001c0        0x1 ./App/main.o
                0x008001c0                Global_u8DisplayMode
 .data.Global_u8SetupSw
                0x008001c1        0x1 ./App/main.o
                0x008001c1                Global_u8SetupSw
 .data.EEPROM_SetTempAddress
                0x008001c2        0x2 ./App/main.o
                0x008001c2                EEPROM_SetTempAddress
 .data.SetTempSaveID
                0x008001c4        0x1 ./App/main.o
                0x008001c4                SetTempSaveID
 .data.SetTempUpdate
                0x008001c5        0x1 ./App/main.o
                0x008001c5                SetTempUpdate
 .data.Global_u8TempValue
                0x008001c6        0x1 ./App/main.o
                0x008001c6                Global_u8TempValue
 .data.BlinkDelay.1536
                0x008001c7        0x1 ./App/main.o
 .data.Local_u8TempReadCounter.1575
                0x008001c8        0x1 ./App/main.o
 .data.SetupDelay.1625
                0x008001c9        0x2 ./App/main.o
 .data.BounceDelay.1624
                0x008001cb        0x1 ./App/main.o
 .data.SetupDelay.1678
                0x008001cc        0x2 ./App/main.o
 .data.BounceDelay.1677
                0x008001ce        0x1 ./App/main.o
 .data.BounceDelay.1730
                0x008001cf        0x1 ./App/main.o
 .data.PrevHeaterStatus.1782
                0x008001d0        0x1 ./App/main.o
 .data.PrevCoolentStatus.1795
                0x008001d1        0x1 ./App/main.o
 .data.Local_u8StoredSetTemp.1809
                0x008001d2        0x1 ./App/main.o
 *(.rodata)
 *(.rodata*)
 *(.gnu.linkonce.d*)
                0x008001d4                . = ALIGN (0x2)
 *fill*         0x008001d3        0x1 00
                0x008001d4                _edata = .
                0x008001d4                PROVIDE (__data_end, .)

.bss            0x008001d4       0x76
                0x008001d4                PROVIDE (__bss_start, .)
 *(.bss)
 .bss           0x008001d4        0x0 d:/amit_course/masters/drive/sdk_win_64/winavr/bin/../lib/gcc/avr/4.3.3/../../../../avr/lib/avr5/crtm32.o
 .bss           0x008001d4        0x0 ./TMU/TMU_prog.o
 .bss           0x008001d4        0x0 ./MCAL/TIMER/TIMER_config.o
 .bss           0x008001d4        0x0 ./MCAL/TIMER/TIMER_prog.o
 .bss           0x008001d4        0x0 ./MCAL/PWM/PWM_config.o
 .bss           0x008001d4        0x0 ./MCAL/PWM/PWM_prog.o
 .bss           0x008001d4        0x0 ./MCAL/EXTI/EXTI_config.o
 .bss           0x008001d4        0x0 ./MCAL/EXTI/EXTI_prog.o
 .bss           0x008001d4        0x0 ./MCAL/EEPROM/EEPROM_prog.o
 .bss           0x008001d4        0x0 ./MCAL/DIO/DIO_prog.o
 .bss           0x008001d4        0x0 ./MCAL/ADC/ADC_porg.o
 .bss           0x008001d4        0x0 ./HAL/Switch/Switch_config.o
 .bss           0x008001d4        0x0 ./HAL/Switch/Switch_prog.o
 .bss           0x008001d4        0x0 ./HAL/SevSeg/SevSeg_config.o
 .bss           0x008001d4        0x0 ./HAL/SevSeg/SevSeg_prog.o
 .bss           0x008001d4        0x0 ./HAL/LD/LD_config.o
 .bss           0x008001d4        0x0 ./HAL/LD/LD_prog.o
 .bss           0x008001d4        0x0 ./App/main.o
 .bss           0x008001d4        0x0 d:/amit_course/masters/drive/sdk_win_64/winavr/bin/../lib/gcc/avr/4.3.3/avr5\libgcc.a(_mulsi3.o)
 .bss           0x008001d4        0x0 d:/amit_course/masters/drive/sdk_win_64/winavr/bin/../lib/gcc/avr/4.3.3/avr5\libgcc.a(_udivmodqi4.o)
 .bss           0x008001d4        0x0 d:/amit_course/masters/drive/sdk_win_64/winavr/bin/../lib/gcc/avr/4.3.3/avr5\libgcc.a(_udivmodhi4.o)
 .bss           0x008001d4        0x0 d:/amit_course/masters/drive/sdk_win_64/winavr/bin/../lib/gcc/avr/4.3.3/avr5\libgcc.a(_divmodhi4.o)
 .bss           0x008001d4        0x0 d:/amit_course/masters/drive/sdk_win_64/winavr/bin/../lib/gcc/avr/4.3.3/avr5\libgcc.a(_udivmodsi4.o)
 .bss           0x008001d4        0x0 d:/amit_course/masters/drive/sdk_win_64/winavr/bin/../lib/gcc/avr/4.3.3/avr5\libgcc.a(_exit.o)
 .bss           0x008001d4        0x0 d:/amit_course/masters/drive/sdk_win_64/winavr/bin/../lib/gcc/avr/4.3.3/avr5\libgcc.a(_copy_data.o)
 .bss           0x008001d4        0x0 d:/amit_course/masters/drive/sdk_win_64/winavr/bin/../lib/gcc/avr/4.3.3/avr5\libgcc.a(_clear_bss.o)
 .bss           0x008001d4        0x0 d:/amit_course/masters/drive/sdk_win_64/winavr/bin/../lib/gcc/avr/4.3.3/avr5\libgcc.a(_fixunssfsi.o)
 .bss           0x008001d4        0x0 d:/amit_course/masters/drive/sdk_win_64/winavr/bin/../lib/gcc/avr/4.3.3/avr5\libgcc.a(_addsub_sf.o)
 .bss           0x008001d4        0x0 d:/amit_course/masters/drive/sdk_win_64/winavr/bin/../lib/gcc/avr/4.3.3/avr5\libgcc.a(_mul_sf.o)
 .bss           0x008001d4        0x0 d:/amit_course/masters/drive/sdk_win_64/winavr/bin/../lib/gcc/avr/4.3.3/avr5\libgcc.a(_div_sf.o)
 .bss           0x008001d4        0x0 d:/amit_course/masters/drive/sdk_win_64/winavr/bin/../lib/gcc/avr/4.3.3/avr5\libgcc.a(_eq_sf.o)
 .bss           0x008001d4        0x0 d:/amit_course/masters/drive/sdk_win_64/winavr/bin/../lib/gcc/avr/4.3.3/avr5\libgcc.a(_ge_sf.o)
 .bss           0x008001d4        0x0 d:/amit_course/masters/drive/sdk_win_64/winavr/bin/../lib/gcc/avr/4.3.3/avr5\libgcc.a(_sf_to_si.o)
 .bss           0x008001d4        0x0 d:/amit_course/masters/drive/sdk_win_64/winavr/bin/../lib/gcc/avr/4.3.3/avr5\libgcc.a(_thenan_sf.o)
 .bss           0x008001d4        0x0 d:/amit_course/masters/drive/sdk_win_64/winavr/bin/../lib/gcc/avr/4.3.3/avr5\libgcc.a(_usi_to_sf.o)
 .bss           0x008001d4        0x0 d:/amit_course/masters/drive/sdk_win_64/winavr/bin/../lib/gcc/avr/4.3.3/avr5\libgcc.a(_prologue.o)
 .bss           0x008001d4        0x0 d:/amit_course/masters/drive/sdk_win_64/winavr/bin/../lib/gcc/avr/4.3.3/avr5\libgcc.a(_epilogue.o)
 .bss           0x008001d4        0x0 d:/amit_course/masters/drive/sdk_win_64/winavr/bin/../lib/gcc/avr/4.3.3/avr5\libgcc.a(_clzsi2.o)
 .bss           0x008001d4        0x0 d:/amit_course/masters/drive/sdk_win_64/winavr/bin/../lib/gcc/avr/4.3.3/avr5\libgcc.a(_pack_sf.o)
 .bss           0x008001d4        0x0 d:/amit_course/masters/drive/sdk_win_64/winavr/bin/../lib/gcc/avr/4.3.3/avr5\libgcc.a(_unpack_sf.o)
 .bss           0x008001d4        0x0 d:/amit_course/masters/drive/sdk_win_64/winavr/bin/../lib/gcc/avr/4.3.3/avr5\libgcc.a(_fpcmp_parts_sf.o)
 .bss           0x008001d4        0x0 d:/amit_course/masters/drive/sdk_win_64/winavr/bin/../lib/gcc/avr/4.3.3/avr5\libgcc.a(_clz.o)
 *(.bss*)
 .bss.All_Tasks
                0x008001d4       0x48 ./TMU/TMU_prog.o
 .bss.TMU_u8ISRNum
                0x0080021c        0x1 ./TMU/TMU_prog.o
 .bss.TMU_u8ISRCount
                0x0080021d        0x1 ./TMU/TMU_prog.o
 .bss.TMU_u8Preload
                0x0080021e        0x1 ./TMU/TMU_prog.o
 .bss.TMU_u32OsTicks
                0x0080021f        0x4 ./TMU/TMU_prog.o
 .bss.Global_u8OCR0_Value
                0x00800223        0x1 ./MCAL/TIMER/TIMER_prog.o
 .bss.Global_u8OCR2_Value
                0x00800224        0x1 ./MCAL/TIMER/TIMER_prog.o
 .bss.Global_u32Timer0_Clk
                0x00800225        0x4 ./MCAL/TIMER/TIMER_prog.o
 .bss.Global_u32Timer2_Clk
                0x00800229        0x4 ./MCAL/TIMER/TIMER_prog.o
 .bss.Global_u16OCR1A_Value
                0x0080022d        0x2 ./MCAL/PWM/PWM_prog.o
 .bss.Global_u16OCR1B_Value
                0x0080022f        0x2 ./MCAL/PWM/PWM_prog.o
 .bss.Global_u16ICR1_Value
                0x00800231        0x2 ./MCAL/PWM/PWM_prog.o
 .bss.Global_u32Timer1_Clk
                0x00800233        0x4 ./MCAL/PWM/PWM_prog.o
 .bss.EXTI_ApFunction_AppFun
                0x00800237        0x6 ./MCAL/EXTI/EXTI_prog.o
                0x00800237                EXTI_ApFunction_AppFun
 .bss.ADC_pFunISRFun
                0x0080023d        0x2 ./MCAL/ADC/ADC_porg.o
 .bss.Global_blConverted
                0x0080023f        0x1 ./App/main.o
                0x0080023f                Global_blConverted
 .bss.LedStatus
                0x00800240        0x1 ./App/main.o
                0x00800240                LedStatus
 .bss.Global_s8TempError
                0x00800241        0x1 ./App/main.o
                0x00800241                Global_s8TempError
 .bss.BlinkStatus.1537
                0x00800242        0x1 ./App/main.o
 .bss.Local_u16TempAccValue.1574
                0x00800243        0x2 ./App/main.o
 .bss.press.1623
                0x00800245        0x1 ./App/main.o
 .bss.press.1676
                0x00800246        0x1 ./App/main.o
 .bss.press.1729
                0x00800247        0x1 ./App/main.o
 .bss.Local_u8PrevStatus.1761
                0x00800248        0x1 ./App/main.o
 *(COMMON)
 COMMON         0x00800249        0x1 ./App/main.o
                0x00800249                Global_u8TempSetValue
                0x0080024a                PROVIDE (__bss_end, .)
                0x000062c4                __data_load_start = LOADADDR (.data)
                0x00006438                __data_load_end = (__data_load_start + SIZEOF (.data))

.noinit         0x0080024a        0x0
                0x0080024a                PROVIDE (__noinit_start, .)
 *(.noinit*)
                0x0080024a                PROVIDE (__noinit_end, .)
                0x0080024a                _end = .
                0x0080024a                PROVIDE (__heap_start, .)

.eeprom         0x00810000        0x0
 *(.eeprom*)
                0x00810000                __eeprom_end = .

.fuse
 *(.fuse)
 *(.lfuse)
 *(.hfuse)
 *(.efuse)

.lock
 *(.lock*)

.signature
 *(.signature*)

.stab           0x00000000     0x7044
 *(.stab)
 .stab          0x00000000      0x66c ./TMU/TMU_prog.o
 .stab          0x0000066c      0x234 ./MCAL/TIMER/TIMER_config.o
                                0x240 (size before relaxing)
 .stab          0x000008a0     0x1098 ./MCAL/TIMER/TIMER_prog.o
                               0x11a0 (size before relaxing)
 .stab          0x00001938      0x228 ./MCAL/PWM/PWM_config.o
                                0x234 (size before relaxing)
 .stab          0x00001b60     0x13f8 ./MCAL/PWM/PWM_prog.o
                               0x1500 (size before relaxing)
 .stab          0x00002f58      0x1f8 ./MCAL/EXTI/EXTI_config.o
                                0x204 (size before relaxing)
 .stab          0x00003150      0x7d4 ./MCAL/EXTI/EXTI_prog.o
                                0x8c4 (size before relaxing)
 .stab          0x00003924      0x378 ./MCAL/EEPROM/EEPROM_prog.o
                                0x384 (size before relaxing)
 .stab          0x00003c9c      0x588 ./MCAL/DIO/DIO_prog.o
                                0x594 (size before relaxing)
 .stab          0x00004224      0xa98 ./MCAL/ADC/ADC_porg.o
                                0xaa4 (size before relaxing)
 .stab          0x00004cbc      0x1f8 ./HAL/Switch/Switch_config.o
                                0x204 (size before relaxing)
 .stab          0x00004eb4      0x270 ./HAL/Switch/Switch_prog.o
                                0x360 (size before relaxing)
 .stab          0x00005124      0x204 ./HAL/SevSeg/SevSeg_config.o
                                0x210 (size before relaxing)
 .stab          0x00005328      0x4c8 ./HAL/SevSeg/SevSeg_prog.o
                                0x5c4 (size before relaxing)
 .stab          0x000057f0      0x1f8 ./HAL/LD/LD_config.o
                                0x204 (size before relaxing)
 .stab          0x000059e8      0x27c ./HAL/LD/LD_prog.o
                                0x36c (size before relaxing)
 .stab          0x00005c64     0x13e0 ./App/main.o
                               0x13ec (size before relaxing)

.stabstr        0x00000000     0x297c
 *(.stabstr)
 .stabstr       0x00000000     0x297c ./TMU/TMU_prog.o

.stab.excl
 *(.stab.excl)

.stab.exclstr
 *(.stab.exclstr)

.stab.index
 *(.stab.index)

.stab.indexstr
 *(.stab.indexstr)

.comment
 *(.comment)

.debug
 *(.debug)

.line
 *(.line)

.debug_srcinfo
 *(.debug_srcinfo)

.debug_sfnames
 *(.debug_sfnames)

.debug_aranges  0x00000000      0x180
 *(.debug_aranges)
 .debug_aranges
                0x00000000       0x20 d:/amit_course/masters/drive/sdk_win_64/winavr/bin/../lib/gcc/avr/4.3.3/avr5\libgcc.a(_fixunssfsi.o)
 .debug_aranges
                0x00000020       0x20 d:/amit_course/masters/drive/sdk_win_64/winavr/bin/../lib/gcc/avr/4.3.3/avr5\libgcc.a(_addsub_sf.o)
 .debug_aranges
                0x00000040       0x20 d:/amit_course/masters/drive/sdk_win_64/winavr/bin/../lib/gcc/avr/4.3.3/avr5\libgcc.a(_mul_sf.o)
 .debug_aranges
                0x00000060       0x20 d:/amit_course/masters/drive/sdk_win_64/winavr/bin/../lib/gcc/avr/4.3.3/avr5\libgcc.a(_div_sf.o)
 .debug_aranges
                0x00000080       0x20 d:/amit_course/masters/drive/sdk_win_64/winavr/bin/../lib/gcc/avr/4.3.3/avr5\libgcc.a(_eq_sf.o)
 .debug_aranges
                0x000000a0       0x20 d:/amit_course/masters/drive/sdk_win_64/winavr/bin/../lib/gcc/avr/4.3.3/avr5\libgcc.a(_ge_sf.o)
 .debug_aranges
                0x000000c0       0x20 d:/amit_course/masters/drive/sdk_win_64/winavr/bin/../lib/gcc/avr/4.3.3/avr5\libgcc.a(_sf_to_si.o)
 .debug_aranges
                0x000000e0       0x20 d:/amit_course/masters/drive/sdk_win_64/winavr/bin/../lib/gcc/avr/4.3.3/avr5\libgcc.a(_usi_to_sf.o)
 .debug_aranges
                0x00000100       0x20 d:/amit_course/masters/drive/sdk_win_64/winavr/bin/../lib/gcc/avr/4.3.3/avr5\libgcc.a(_clzsi2.o)
 .debug_aranges
                0x00000120       0x20 d:/amit_course/masters/drive/sdk_win_64/winavr/bin/../lib/gcc/avr/4.3.3/avr5\libgcc.a(_pack_sf.o)
 .debug_aranges
                0x00000140       0x20 d:/amit_course/masters/drive/sdk_win_64/winavr/bin/../lib/gcc/avr/4.3.3/avr5\libgcc.a(_unpack_sf.o)
 .debug_aranges
                0x00000160       0x20 d:/amit_course/masters/drive/sdk_win_64/winavr/bin/../lib/gcc/avr/4.3.3/avr5\libgcc.a(_fpcmp_parts_sf.o)

.debug_pubnames
                0x00000000      0x1d4
 *(.debug_pubnames)
 .debug_pubnames
                0x00000000       0x23 d:/amit_course/masters/drive/sdk_win_64/winavr/bin/../lib/gcc/avr/4.3.3/avr5\libgcc.a(_fixunssfsi.o)
 .debug_pubnames
                0x00000023       0x2c d:/amit_course/masters/drive/sdk_win_64/winavr/bin/../lib/gcc/avr/4.3.3/avr5\libgcc.a(_addsub_sf.o)
 .debug_pubnames
                0x0000004f       0x1f d:/amit_course/masters/drive/sdk_win_64/winavr/bin/../lib/gcc/avr/4.3.3/avr5\libgcc.a(_mul_sf.o)
 .debug_pubnames
                0x0000006e       0x1f d:/amit_course/masters/drive/sdk_win_64/winavr/bin/../lib/gcc/avr/4.3.3/avr5\libgcc.a(_div_sf.o)
 .debug_pubnames
                0x0000008d       0x1e d:/amit_course/masters/drive/sdk_win_64/winavr/bin/../lib/gcc/avr/4.3.3/avr5\libgcc.a(_eq_sf.o)
 .debug_pubnames
                0x000000ab       0x1e d:/amit_course/masters/drive/sdk_win_64/winavr/bin/../lib/gcc/avr/4.3.3/avr5\libgcc.a(_ge_sf.o)
 .debug_pubnames
                0x000000c9       0x20 d:/amit_course/masters/drive/sdk_win_64/winavr/bin/../lib/gcc/avr/4.3.3/avr5\libgcc.a(_sf_to_si.o)
 .debug_pubnames
                0x000000e9       0x22 d:/amit_course/masters/drive/sdk_win_64/winavr/bin/../lib/gcc/avr/4.3.3/avr5\libgcc.a(_thenan_sf.o)
 .debug_pubnames
                0x0000010b       0x24 d:/amit_course/masters/drive/sdk_win_64/winavr/bin/../lib/gcc/avr/4.3.3/avr5\libgcc.a(_usi_to_sf.o)
 .debug_pubnames
                0x0000012f       0x1f d:/amit_course/masters/drive/sdk_win_64/winavr/bin/../lib/gcc/avr/4.3.3/avr5\libgcc.a(_clzsi2.o)
 .debug_pubnames
                0x0000014e       0x1f d:/amit_course/masters/drive/sdk_win_64/winavr/bin/../lib/gcc/avr/4.3.3/avr5\libgcc.a(_pack_sf.o)
 .debug_pubnames
                0x0000016d       0x21 d:/amit_course/masters/drive/sdk_win_64/winavr/bin/../lib/gcc/avr/4.3.3/avr5\libgcc.a(_unpack_sf.o)
 .debug_pubnames
                0x0000018e       0x26 d:/amit_course/masters/drive/sdk_win_64/winavr/bin/../lib/gcc/avr/4.3.3/avr5\libgcc.a(_fpcmp_parts_sf.o)
 .debug_pubnames
                0x000001b4       0x20 d:/amit_course/masters/drive/sdk_win_64/winavr/bin/../lib/gcc/avr/4.3.3/avr5\libgcc.a(_clz.o)

.debug_info     0x00000000     0x218c
 *(.debug_info)
 .debug_info    0x00000000       0xb1 d:/amit_course/masters/drive/sdk_win_64/winavr/bin/../lib/gcc/avr/4.3.3/avr5\libgcc.a(_fixunssfsi.o)
 .debug_info    0x000000b1      0x47a d:/amit_course/masters/drive/sdk_win_64/winavr/bin/../lib/gcc/avr/4.3.3/avr5\libgcc.a(_addsub_sf.o)
 .debug_info    0x0000052b      0x485 d:/amit_course/masters/drive/sdk_win_64/winavr/bin/../lib/gcc/avr/4.3.3/avr5\libgcc.a(_mul_sf.o)
 .debug_info    0x000009b0      0x3fc d:/amit_course/masters/drive/sdk_win_64/winavr/bin/../lib/gcc/avr/4.3.3/avr5\libgcc.a(_div_sf.o)
 .debug_info    0x00000dac      0x27f d:/amit_course/masters/drive/sdk_win_64/winavr/bin/../lib/gcc/avr/4.3.3/avr5\libgcc.a(_eq_sf.o)
 .debug_info    0x0000102b      0x27f d:/amit_course/masters/drive/sdk_win_64/winavr/bin/../lib/gcc/avr/4.3.3/avr5\libgcc.a(_ge_sf.o)
 .debug_info    0x000012aa      0x2b0 d:/amit_course/masters/drive/sdk_win_64/winavr/bin/../lib/gcc/avr/4.3.3/avr5\libgcc.a(_sf_to_si.o)
 .debug_info    0x0000155a      0x12c d:/amit_course/masters/drive/sdk_win_64/winavr/bin/../lib/gcc/avr/4.3.3/avr5\libgcc.a(_thenan_sf.o)
 .debug_info    0x00001686      0x206 d:/amit_course/masters/drive/sdk_win_64/winavr/bin/../lib/gcc/avr/4.3.3/avr5\libgcc.a(_usi_to_sf.o)
 .debug_info    0x0000188c      0x117 d:/amit_course/masters/drive/sdk_win_64/winavr/bin/../lib/gcc/avr/4.3.3/avr5\libgcc.a(_clzsi2.o)
 .debug_info    0x000019a3      0x2df d:/amit_course/masters/drive/sdk_win_64/winavr/bin/../lib/gcc/avr/4.3.3/avr5\libgcc.a(_pack_sf.o)
 .debug_info    0x00001c82      0x251 d:/amit_course/masters/drive/sdk_win_64/winavr/bin/../lib/gcc/avr/4.3.3/avr5\libgcc.a(_unpack_sf.o)
 .debug_info    0x00001ed3      0x210 d:/amit_course/masters/drive/sdk_win_64/winavr/bin/../lib/gcc/avr/4.3.3/avr5\libgcc.a(_fpcmp_parts_sf.o)
 .debug_info    0x000020e3       0xa9 d:/amit_course/masters/drive/sdk_win_64/winavr/bin/../lib/gcc/avr/4.3.3/avr5\libgcc.a(_clz.o)
 *(.gnu.linkonce.wi.*)

.debug_abbrev   0x00000000     0x122c
 *(.debug_abbrev)
 .debug_abbrev  0x00000000       0x5d d:/amit_course/masters/drive/sdk_win_64/winavr/bin/../lib/gcc/avr/4.3.3/avr5\libgcc.a(_fixunssfsi.o)
 .debug_abbrev  0x0000005d      0x1ea d:/amit_course/masters/drive/sdk_win_64/winavr/bin/../lib/gcc/avr/4.3.3/avr5\libgcc.a(_addsub_sf.o)
 .debug_abbrev  0x00000247      0x21b d:/amit_course/masters/drive/sdk_win_64/winavr/bin/../lib/gcc/avr/4.3.3/avr5\libgcc.a(_mul_sf.o)
 .debug_abbrev  0x00000462      0x216 d:/amit_course/masters/drive/sdk_win_64/winavr/bin/../lib/gcc/avr/4.3.3/avr5\libgcc.a(_div_sf.o)
 .debug_abbrev  0x00000678      0x15a d:/amit_course/masters/drive/sdk_win_64/winavr/bin/../lib/gcc/avr/4.3.3/avr5\libgcc.a(_eq_sf.o)
 .debug_abbrev  0x000007d2      0x15a d:/amit_course/masters/drive/sdk_win_64/winavr/bin/../lib/gcc/avr/4.3.3/avr5\libgcc.a(_ge_sf.o)
 .debug_abbrev  0x0000092c      0x17f d:/amit_course/masters/drive/sdk_win_64/winavr/bin/../lib/gcc/avr/4.3.3/avr5\libgcc.a(_sf_to_si.o)
 .debug_abbrev  0x00000aab       0xad d:/amit_course/masters/drive/sdk_win_64/winavr/bin/../lib/gcc/avr/4.3.3/avr5\libgcc.a(_thenan_sf.o)
 .debug_abbrev  0x00000b58      0x157 d:/amit_course/masters/drive/sdk_win_64/winavr/bin/../lib/gcc/avr/4.3.3/avr5\libgcc.a(_usi_to_sf.o)
 .debug_abbrev  0x00000caf       0xc4 d:/amit_course/masters/drive/sdk_win_64/winavr/bin/../lib/gcc/avr/4.3.3/avr5\libgcc.a(_clzsi2.o)
 .debug_abbrev  0x00000d73      0x1c0 d:/amit_course/masters/drive/sdk_win_64/winavr/bin/../lib/gcc/avr/4.3.3/avr5\libgcc.a(_pack_sf.o)
 .debug_abbrev  0x00000f33      0x154 d:/amit_course/masters/drive/sdk_win_64/winavr/bin/../lib/gcc/avr/4.3.3/avr5\libgcc.a(_unpack_sf.o)
 .debug_abbrev  0x00001087      0x13b d:/amit_course/masters/drive/sdk_win_64/winavr/bin/../lib/gcc/avr/4.3.3/avr5\libgcc.a(_fpcmp_parts_sf.o)
 .debug_abbrev  0x000011c2       0x6a d:/amit_course/masters/drive/sdk_win_64/winavr/bin/../lib/gcc/avr/4.3.3/avr5\libgcc.a(_clz.o)

.debug_line     0x00000000     0x1103
 *(.debug_line)
 .debug_line    0x00000000       0xa7 d:/amit_course/masters/drive/sdk_win_64/winavr/bin/../lib/gcc/avr/4.3.3/avr5\libgcc.a(_fixunssfsi.o)
 .debug_line    0x000000a7      0x2af d:/amit_course/masters/drive/sdk_win_64/winavr/bin/../lib/gcc/avr/4.3.3/avr5\libgcc.a(_addsub_sf.o)
 .debug_line    0x00000356      0x239 d:/amit_course/masters/drive/sdk_win_64/winavr/bin/../lib/gcc/avr/4.3.3/avr5\libgcc.a(_mul_sf.o)
 .debug_line    0x0000058f      0x1d5 d:/amit_course/masters/drive/sdk_win_64/winavr/bin/../lib/gcc/avr/4.3.3/avr5\libgcc.a(_div_sf.o)
 .debug_line    0x00000764       0xd3 d:/amit_course/masters/drive/sdk_win_64/winavr/bin/../lib/gcc/avr/4.3.3/avr5\libgcc.a(_eq_sf.o)
 .debug_line    0x00000837       0xd3 d:/amit_course/masters/drive/sdk_win_64/winavr/bin/../lib/gcc/avr/4.3.3/avr5\libgcc.a(_ge_sf.o)
 .debug_line    0x0000090a      0x109 d:/amit_course/masters/drive/sdk_win_64/winavr/bin/../lib/gcc/avr/4.3.3/avr5\libgcc.a(_sf_to_si.o)
 .debug_line    0x00000a13       0x90 d:/amit_course/masters/drive/sdk_win_64/winavr/bin/../lib/gcc/avr/4.3.3/avr5\libgcc.a(_thenan_sf.o)
 .debug_line    0x00000aa3      0x133 d:/amit_course/masters/drive/sdk_win_64/winavr/bin/../lib/gcc/avr/4.3.3/avr5\libgcc.a(_usi_to_sf.o)
 .debug_line    0x00000bd6       0xa5 d:/amit_course/masters/drive/sdk_win_64/winavr/bin/../lib/gcc/avr/4.3.3/avr5\libgcc.a(_clzsi2.o)
 .debug_line    0x00000c7b      0x18a d:/amit_course/masters/drive/sdk_win_64/winavr/bin/../lib/gcc/avr/4.3.3/avr5\libgcc.a(_pack_sf.o)
 .debug_line    0x00000e05      0x14b d:/amit_course/masters/drive/sdk_win_64/winavr/bin/../lib/gcc/avr/4.3.3/avr5\libgcc.a(_unpack_sf.o)
 .debug_line    0x00000f50      0x137 d:/amit_course/masters/drive/sdk_win_64/winavr/bin/../lib/gcc/avr/4.3.3/avr5\libgcc.a(_fpcmp_parts_sf.o)
 .debug_line    0x00001087       0x7c d:/amit_course/masters/drive/sdk_win_64/winavr/bin/../lib/gcc/avr/4.3.3/avr5\libgcc.a(_clz.o)

.debug_frame    0x00000000      0x1a0
 *(.debug_frame)
 .debug_frame   0x00000000       0x20 d:/amit_course/masters/drive/sdk_win_64/winavr/bin/../lib/gcc/avr/4.3.3/avr5\libgcc.a(_fixunssfsi.o)
 .debug_frame   0x00000020       0x40 d:/amit_course/masters/drive/sdk_win_64/winavr/bin/../lib/gcc/avr/4.3.3/avr5\libgcc.a(_addsub_sf.o)
 .debug_frame   0x00000060       0x20 d:/amit_course/masters/drive/sdk_win_64/winavr/bin/../lib/gcc/avr/4.3.3/avr5\libgcc.a(_mul_sf.o)
 .debug_frame   0x00000080       0x20 d:/amit_course/masters/drive/sdk_win_64/winavr/bin/../lib/gcc/avr/4.3.3/avr5\libgcc.a(_div_sf.o)
 .debug_frame   0x000000a0       0x20 d:/amit_course/masters/drive/sdk_win_64/winavr/bin/../lib/gcc/avr/4.3.3/avr5\libgcc.a(_eq_sf.o)
 .debug_frame   0x000000c0       0x20 d:/amit_course/masters/drive/sdk_win_64/winavr/bin/../lib/gcc/avr/4.3.3/avr5\libgcc.a(_ge_sf.o)
 .debug_frame   0x000000e0       0x20 d:/amit_course/masters/drive/sdk_win_64/winavr/bin/../lib/gcc/avr/4.3.3/avr5\libgcc.a(_sf_to_si.o)
 .debug_frame   0x00000100       0x20 d:/amit_course/masters/drive/sdk_win_64/winavr/bin/../lib/gcc/avr/4.3.3/avr5\libgcc.a(_usi_to_sf.o)
 .debug_frame   0x00000120       0x20 d:/amit_course/masters/drive/sdk_win_64/winavr/bin/../lib/gcc/avr/4.3.3/avr5\libgcc.a(_clzsi2.o)
 .debug_frame   0x00000140       0x20 d:/amit_course/masters/drive/sdk_win_64/winavr/bin/../lib/gcc/avr/4.3.3/avr5\libgcc.a(_pack_sf.o)
 .debug_frame   0x00000160       0x20 d:/amit_course/masters/drive/sdk_win_64/winavr/bin/../lib/gcc/avr/4.3.3/avr5\libgcc.a(_unpack_sf.o)
 .debug_frame   0x00000180       0x20 d:/amit_course/masters/drive/sdk_win_64/winavr/bin/../lib/gcc/avr/4.3.3/avr5\libgcc.a(_fpcmp_parts_sf.o)

.debug_str      0x00000000      0x2ee
 *(.debug_str)
 .debug_str     0x00000000       0xbf d:/amit_course/masters/drive/sdk_win_64/winavr/bin/../lib/gcc/avr/4.3.3/avr5\libgcc.a(_fixunssfsi.o)
                                 0xfe (size before relaxing)
 .debug_str     0x000000bf      0x14d d:/amit_course/masters/drive/sdk_win_64/winavr/bin/../lib/gcc/avr/4.3.3/avr5\libgcc.a(_addsub_sf.o)
                                0x206 (size before relaxing)
 .debug_str     0x0000020c       0x27 d:/amit_course/masters/drive/sdk_win_64/winavr/bin/../lib/gcc/avr/4.3.3/avr5\libgcc.a(_mul_sf.o)
                                0x1bf (size before relaxing)
 .debug_str     0x00000233       0x35 d:/amit_course/masters/drive/sdk_win_64/winavr/bin/../lib/gcc/avr/4.3.3/avr5\libgcc.a(_div_sf.o)
                                0x1c8 (size before relaxing)
 .debug_str     0x00000268        0x8 d:/amit_course/masters/drive/sdk_win_64/winavr/bin/../lib/gcc/avr/4.3.3/avr5\libgcc.a(_eq_sf.o)
                                0x195 (size before relaxing)
 .debug_str     0x00000270        0x8 d:/amit_course/masters/drive/sdk_win_64/winavr/bin/../lib/gcc/avr/4.3.3/avr5\libgcc.a(_ge_sf.o)
                                0x195 (size before relaxing)
 .debug_str     0x00000278        0xa d:/amit_course/masters/drive/sdk_win_64/winavr/bin/../lib/gcc/avr/4.3.3/avr5\libgcc.a(_sf_to_si.o)
                                0x19e (size before relaxing)
 .debug_str     0x00000000      0x103 d:/amit_course/masters/drive/sdk_win_64/winavr/bin/../lib/gcc/avr/4.3.3/avr5\libgcc.a(_thenan_sf.o)
 .debug_str     0x00000282       0x21 d:/amit_course/masters/drive/sdk_win_64/winavr/bin/../lib/gcc/avr/4.3.3/avr5\libgcc.a(_usi_to_sf.o)
                                0x177 (size before relaxing)
 .debug_str     0x000002a3       0x20 d:/amit_course/masters/drive/sdk_win_64/winavr/bin/../lib/gcc/avr/4.3.3/avr5\libgcc.a(_clzsi2.o)
                                0x111 (size before relaxing)
 .debug_str     0x000002c3       0x10 d:/amit_course/masters/drive/sdk_win_64/winavr/bin/../lib/gcc/avr/4.3.3/avr5\libgcc.a(_pack_sf.o)
                                0x19d (size before relaxing)
 .debug_str     0x000002d3        0xb d:/amit_course/masters/drive/sdk_win_64/winavr/bin/../lib/gcc/avr/4.3.3/avr5\libgcc.a(_unpack_sf.o)
                                0x17f (size before relaxing)
 .debug_str     0x000002de       0x10 d:/amit_course/masters/drive/sdk_win_64/winavr/bin/../lib/gcc/avr/4.3.3/avr5\libgcc.a(_fpcmp_parts_sf.o)
                                0x163 (size before relaxing)
 .debug_str     0x00000000       0xf4 d:/amit_course/masters/drive/sdk_win_64/winavr/bin/../lib/gcc/avr/4.3.3/avr5\libgcc.a(_clz.o)

.debug_loc      0x00000000      0x932
 *(.debug_loc)
 .debug_loc     0x00000000       0x34 d:/amit_course/masters/drive/sdk_win_64/winavr/bin/../lib/gcc/avr/4.3.3/avr5\libgcc.a(_fixunssfsi.o)
 .debug_loc     0x00000034      0x32a d:/amit_course/masters/drive/sdk_win_64/winavr/bin/../lib/gcc/avr/4.3.3/avr5\libgcc.a(_addsub_sf.o)
 .debug_loc     0x0000035e      0x104 d:/amit_course/masters/drive/sdk_win_64/winavr/bin/../lib/gcc/avr/4.3.3/avr5\libgcc.a(_mul_sf.o)
 .debug_loc     0x00000462       0xc0 d:/amit_course/masters/drive/sdk_win_64/winavr/bin/../lib/gcc/avr/4.3.3/avr5\libgcc.a(_div_sf.o)
 .debug_loc     0x00000522       0x3c d:/amit_course/masters/drive/sdk_win_64/winavr/bin/../lib/gcc/avr/4.3.3/avr5\libgcc.a(_eq_sf.o)
 .debug_loc     0x0000055e       0x3c d:/amit_course/masters/drive/sdk_win_64/winavr/bin/../lib/gcc/avr/4.3.3/avr5\libgcc.a(_ge_sf.o)
 .debug_loc     0x0000059a       0x7e d:/amit_course/masters/drive/sdk_win_64/winavr/bin/../lib/gcc/avr/4.3.3/avr5\libgcc.a(_sf_to_si.o)
 .debug_loc     0x00000618       0x4c d:/amit_course/masters/drive/sdk_win_64/winavr/bin/../lib/gcc/avr/4.3.3/avr5\libgcc.a(_usi_to_sf.o)
 .debug_loc     0x00000664       0x94 d:/amit_course/masters/drive/sdk_win_64/winavr/bin/../lib/gcc/avr/4.3.3/avr5\libgcc.a(_clzsi2.o)
 .debug_loc     0x000006f8      0x13e d:/amit_course/masters/drive/sdk_win_64/winavr/bin/../lib/gcc/avr/4.3.3/avr5\libgcc.a(_pack_sf.o)
 .debug_loc     0x00000836       0xac d:/amit_course/masters/drive/sdk_win_64/winavr/bin/../lib/gcc/avr/4.3.3/avr5\libgcc.a(_unpack_sf.o)
 .debug_loc     0x000008e2       0x50 d:/amit_course/masters/drive/sdk_win_64/winavr/bin/../lib/gcc/avr/4.3.3/avr5\libgcc.a(_fpcmp_parts_sf.o)

.debug_macinfo
 *(.debug_macinfo)
OUTPUT(Grad_Test.elf elf32-avr)
LOAD linker stubs

.debug_ranges   0x00000000       0x50
 .debug_ranges  0x00000000       0x50 d:/amit_course/masters/drive/sdk_win_64/winavr/bin/../lib/gcc/avr/4.3.3/avr5\libgcc.a(_mul_sf.o)
